src/components/orders/OrdersSection.tsx(297,41): error TS2339: Property 'physicalAddress' does not exist on type 'OrderSeller'.
src/components/seller/SellerDashboard.tsx(80,11): error TS2304: Cannot find name 'Theme'.
src/components/seller/SellerDashboard.tsx(1933,58): error TS2304: Cannot find name 'Theme'.
src/pages/admin/RefundRequestsPage.tsx(44,7): error TS2448: Block-scoped variable 'fetchRefundRequests' used before its declaration.
